// Jest Snapshot v1, https://goo.gl/fbAQLP

exports[`Counter component Counter handlers should change count value  1`] = `
<div>
  <div>
    0
  </div>
  <button
    className="plusOneBtn"
    onClick={[Function]}
  >
    +1
  </button>
  <button
    className="resetBtn"
    onClick={[Function]}
  >
    Reset to 10
  </button>
</div>
`;

exports[`Counter component Counter handlers should increase the count value by 1 1`] = `
<div>
  <div>
    0
  </div>
  <button
    className="plusOneBtn"
    onClick={[Function]}
  >
    +1
  </button>
  <button
    className="resetBtn"
    onClick={[Function]}
  >
    Reset to 10
  </button>
</div>
`;

exports[`Counter component should render counter component 1`] = `
<div>
  <div>
    0
  </div>
  <button
    className="plusOneBtn"
    onClick={[Function]}
  >
    +1
  </button>
  <button
    className="resetBtn"
    onClick={[Function]}
  >
    Reset to 10
  </button>
</div>
`;
